


BGPMONtest#
BGPMONtest#terminal width 511
BGPMONtest#terminal length 0
BGPMONtest#
BGPMONtest#
BGPMONtest#
BGPMONtest#show vlan brief
                    ^
% Invalid input detected at '^' marker.

BGPMONtest#
BGPMONtest#show ip interface brief | include Vlan
BGPMONtest#
BGPMONtest#exit
