
3560-3#
3560-3#terminal width 511
3560-3#terminal length 0
3560-3#
3560-3#
3560-3#show vlan id 3

VLAN Name                             Status    Ports
---- -------------------------------- --------- -------------------------------
3    VLAN0003                         active    

VLAN Type  SAID       MTU   Parent RingNo BridgeNo Stp  BrdgMode Trans1 Trans2
---- ----- ---------- ----- ------ ------ -------- ---- -------- ------ ------
3    enet  100003     1500  -      -      -        -    -        0      0   

Remote SPAN VLAN
----------------
Disabled

Primary Secondary Type              Ports
------- --------- ----------------- ------------------------------------------

3560-3#show interface Vlan3
                       ^
% Invalid input detected at '^' marker.

3560-3#show run interface Vlan3
                           ^
% Invalid input detected at '^' marker.

3560-3#show ip interface brief | include Vlan3
3560-3#
3560-3#exit
